Archive member included because of file (symbol)

c:/program files (x86)/atmel/atmel toolchain/avr8 gcc/native/3.4.1061/avr8-gnu-toolchain/bin/../lib/gcc/avr/4.8.1/../../../../avr/lib/avr5\libm.a(addsf3.o)
                              quadcopter_control.o (__subsf3)
c:/program files (x86)/atmel/atmel toolchain/avr8 gcc/native/3.4.1061/avr8-gnu-toolchain/bin/../lib/gcc/avr/4.8.1/../../../../avr/lib/avr5\libm.a(addsf3x.o)
                              c:/program files (x86)/atmel/atmel toolchain/avr8 gcc/native/3.4.1061/avr8-gnu-toolchain/bin/../lib/gcc/avr/4.8.1/../../../../avr/lib/avr5\libm.a(addsf3.o) (__addsf3x)
c:/program files (x86)/atmel/atmel toolchain/avr8 gcc/native/3.4.1061/avr8-gnu-toolchain/bin/../lib/gcc/avr/4.8.1/../../../../avr/lib/avr5\libm.a(atan2.o)
                              quadcopter_control.o (atan2)
c:/program files (x86)/atmel/atmel toolchain/avr8 gcc/native/3.4.1061/avr8-gnu-toolchain/bin/../lib/gcc/avr/4.8.1/../../../../avr/lib/avr5\libm.a(atan.o)
                              c:/program files (x86)/atmel/atmel toolchain/avr8 gcc/native/3.4.1061/avr8-gnu-toolchain/bin/../lib/gcc/avr/4.8.1/../../../../avr/lib/avr5\libm.a(atan2.o) (atan)
c:/program files (x86)/atmel/atmel toolchain/avr8 gcc/native/3.4.1061/avr8-gnu-toolchain/bin/../lib/gcc/avr/4.8.1/../../../../avr/lib/avr5\libm.a(cmpsf2.o)
                              quadcopter_control.o (__eqsf2)
c:/program files (x86)/atmel/atmel toolchain/avr8 gcc/native/3.4.1061/avr8-gnu-toolchain/bin/../lib/gcc/avr/4.8.1/../../../../avr/lib/avr5\libm.a(divsf3.o)
                              lib/mpu6050.o (__divsf3)
c:/program files (x86)/atmel/atmel toolchain/avr8 gcc/native/3.4.1061/avr8-gnu-toolchain/bin/../lib/gcc/avr/4.8.1/../../../../avr/lib/avr5\libm.a(divsf3x.o)
                              c:/program files (x86)/atmel/atmel toolchain/avr8 gcc/native/3.4.1061/avr8-gnu-toolchain/bin/../lib/gcc/avr/4.8.1/../../../../avr/lib/avr5\libm.a(divsf3.o) (__divsf3x)
c:/program files (x86)/atmel/atmel toolchain/avr8 gcc/native/3.4.1061/avr8-gnu-toolchain/bin/../lib/gcc/avr/4.8.1/../../../../avr/lib/avr5\libm.a(exp.o)
                              quadcopter_control.o (exp)
c:/program files (x86)/atmel/atmel toolchain/avr8 gcc/native/3.4.1061/avr8-gnu-toolchain/bin/../lib/gcc/avr/4.8.1/../../../../avr/lib/avr5\libm.a(fixsfsi.o)
                              quadcopter_control.o (__fixsfsi)
c:/program files (x86)/atmel/atmel toolchain/avr8 gcc/native/3.4.1061/avr8-gnu-toolchain/bin/../lib/gcc/avr/4.8.1/../../../../avr/lib/avr5\libm.a(fixunssfsi.o)
                              c:/program files (x86)/atmel/atmel toolchain/avr8 gcc/native/3.4.1061/avr8-gnu-toolchain/bin/../lib/gcc/avr/4.8.1/../../../../avr/lib/avr5\libm.a(fixsfsi.o) (__fixunssfsi)
c:/program files (x86)/atmel/atmel toolchain/avr8 gcc/native/3.4.1061/avr8-gnu-toolchain/bin/../lib/gcc/avr/4.8.1/../../../../avr/lib/avr5\libm.a(floatsisf.o)
                              lib/mpu6050.o (__floatsisf)
c:/program files (x86)/atmel/atmel toolchain/avr8 gcc/native/3.4.1061/avr8-gnu-toolchain/bin/../lib/gcc/avr/4.8.1/../../../../avr/lib/avr5\libm.a(fp_cmp.o)
                              c:/program files (x86)/atmel/atmel toolchain/avr8 gcc/native/3.4.1061/avr8-gnu-toolchain/bin/../lib/gcc/avr/4.8.1/../../../../avr/lib/avr5\libm.a(cmpsf2.o) (__fp_cmp)
c:/program files (x86)/atmel/atmel toolchain/avr8 gcc/native/3.4.1061/avr8-gnu-toolchain/bin/../lib/gcc/avr/4.8.1/../../../../avr/lib/avr5\libm.a(fp_inf.o)
                              c:/program files (x86)/atmel/atmel toolchain/avr8 gcc/native/3.4.1061/avr8-gnu-toolchain/bin/../lib/gcc/avr/4.8.1/../../../../avr/lib/avr5\libm.a(addsf3x.o) (__fp_inf)
c:/program files (x86)/atmel/atmel toolchain/avr8 gcc/native/3.4.1061/avr8-gnu-toolchain/bin/../lib/gcc/avr/4.8.1/../../../../avr/lib/avr5\libm.a(fp_nan.o)
                              c:/program files (x86)/atmel/atmel toolchain/avr8 gcc/native/3.4.1061/avr8-gnu-toolchain/bin/../lib/gcc/avr/4.8.1/../../../../avr/lib/avr5\libm.a(addsf3x.o) (__fp_nan)
c:/program files (x86)/atmel/atmel toolchain/avr8 gcc/native/3.4.1061/avr8-gnu-toolchain/bin/../lib/gcc/avr/4.8.1/../../../../avr/lib/avr5\libm.a(fp_powser.o)
                              c:/program files (x86)/atmel/atmel toolchain/avr8 gcc/native/3.4.1061/avr8-gnu-toolchain/bin/../lib/gcc/avr/4.8.1/../../../../avr/lib/avr5\libm.a(atan.o) (__fp_powser)
c:/program files (x86)/atmel/atmel toolchain/avr8 gcc/native/3.4.1061/avr8-gnu-toolchain/bin/../lib/gcc/avr/4.8.1/../../../../avr/lib/avr5\libm.a(fp_pscA.o)
                              c:/program files (x86)/atmel/atmel toolchain/avr8 gcc/native/3.4.1061/avr8-gnu-toolchain/bin/../lib/gcc/avr/4.8.1/../../../../avr/lib/avr5\libm.a(addsf3x.o) (__fp_pscA)
c:/program files (x86)/atmel/atmel toolchain/avr8 gcc/native/3.4.1061/avr8-gnu-toolchain/bin/../lib/gcc/avr/4.8.1/../../../../avr/lib/avr5\libm.a(fp_pscB.o)
[...]
Memory Configuration

Name             Origin             Length             Attributes
text             0x00000000         0x00020000         xr
data             0x00800060         0x0000ffa0         rw !x
eeprom           0x00810000         0x00010000         rw !x
fuse             0x00820000         0x00000400         rw !x
lock             0x00830000         0x00000400         rw !x
signature        0x00840000         0x00000400         rw !x
user_signatures  0x00850000         0x00000400         rw !x
*default*        0x00000000         0xffffffff

Linker script and memory map

Address of section .data set to 0x800100
LOAD c:/program files (x86)/atmel/atmel toolchain/avr8 gcc/native/3.4.1061/avr8-gnu-toolchain/bin/../lib/gcc/avr/4.8.1/../../../../avr/lib/avr5/crtm328p.o
LOAD lib/twimastertimeout.o
LOAD lib/mpu6050.o
LOAD lib/mpu6050dmp6.o
LOAD quadcopter_control.o
START GROUP
LOAD c:/program files (x86)/atmel/atmel toolchain/avr8 gcc/native/3.4.1061/avr8-gnu-toolchain/bin/../lib/gcc/avr/4.8.1/../../../../avr/lib/avr5\libm.a
LOAD C:\Users\Guilherme\Documents\Atmel Studio\6.2\arduinoCore\libcore328p.a
END GROUP
LOAD c:/program files (x86)/atmel/atmel toolchain/avr8 gcc/native/3.4.1061/avr8-gnu-toolchain/bin/../lib/gcc/avr/4.8.1/avr5\libgcc.a
LOAD c:/program files (x86)/atmel/atmel toolchain/avr8 gcc/native/3.4.1061/avr8-gnu-toolchain/bin/../lib/gcc/avr/4.8.1/../../../../avr/lib/avr5\libm.a
START GROUP
LOAD c:/program files (x86)/atmel/atmel toolchain/avr8 gcc/native/3.4.1061/avr8-gnu-toolchain/bin/../lib/gcc/avr/4.8.1/avr5\libgcc.a
LOAD c:/program files (x86)/atmel/atmel toolchain/avr8 gcc/native/3.4.1061/avr8-gnu-toolchain/bin/../lib/gcc/avr/4.8.1/../../../../avr/lib/avr5\libm.a
LOAD c:/program files (x86)/atmel/atmel toolchain/avr8 gcc/native/3.4.1061/avr8-gnu-toolchain/bin/../lib/gcc/avr/4.8.1/../../../../avr/lib/avr5\libc.a
END GROUP

.hash
 *(.hash)

.dynsym
 *(.dynsym)

.dynstr
 *(.dynstr)

.gnu.version
 *(.gnu.version)

.gnu.version_d
 *(.gnu.version_d)

.gnu.version_r
 *(.gnu.version_r)

.rel.init
 *(.rel.init)

.rela.init
 *(.rela.init)

.rel.text
 *(.rel.text)
 *(.rel.text.*)
 *(.rel.gnu.linkonce.t*)

.rela.text
 *(.rela.text)
 *(.rela.text.*)
 *(.rela.gnu.linkonce.t*)

.rel.fini
 *(.rel.fini)

.rela.fini
 *(.rela.fini)

.rel.rodata
 *(.rel.rodata)
 *(.rel.rodata.*)
 *(.rel.gnu.linkonce.r*)

.rela.rodata
 *(.rela.rodata)
 *(.rela.rodata.*)
 *(.rela.gnu.linkonce.r*)

.rel.data
 *(.rel.data)
 *(.rel.data.*)
 *(.rel.gnu.linkonce.d*)

.rela.data
 *(.rela.data)
 *(.rela.data.*)
 *(.rela.gnu.linkonce.d*)

.rel.ctors
 *(.rel.ctors)

.rela.ctors
 *(.rela.ctors)

.rel.dtors
 *(.rel.dtors)

.rela.dtors
 *(.rela.dtors)

.rel.got
 *(.rel.got)

.rela.got
 *(.rela.got)

.rel.bss
 *(.rel.bss)

.rela.bss
 *(.rela.bss)

.rel.plt
 *(.rel.plt)

.rela.plt
 *(.rela.plt)

.text           0x00000000     0x3298
 *(.vectors)
 .vectors       0x00000000       0x68 c:/program files (x86)/atmel/atmel toolchain/avr8 gcc/native/3.4.1061/avr8-gnu-toolchain/bin/../lib/gcc/avr/4.8.1/../../../../avr/lib/avr5/crtm328p.o
                0x00000000                __vector_default
                0x00000000                __vectors
 *(.vectors)
 *(.progmem.gcc*)
 .progmem.gcc_fplib
                0x00000068       0x2d c:/program files (x86)/atmel/atmel toolchain/avr8 gcc/native/3.4.1061/avr8-gnu-toolchain/bin/../lib/gcc/avr/4.8.1/../../../../avr/lib/avr5\libm.a(atan.o)
 .progmem.gcc_fplib
                0x00000095       0x28 c:/program files (x86)/atmel/atmel toolchain/avr8 gcc/native/3.4.1061/avr8-gnu-toolchain/bin/../lib/gcc/avr/4.8.1/../../../../avr/lib/avr5\libm.a(exp.o)
                0x000000be                . = ALIGN (0x2)
 *fill*         0x000000bd        0x1 
                0x000000be                __trampolines_start = .
 *(.trampolines)
 .trampolines   0x000000be        0x0 linker stubs
 *(.trampolines*)
                0x000000be                __trampolines_end = .
 *(.progmem*)
 .progmem.data._ZZ5setupE3__c_1
                0x000000be        0x8 quadcopter_control.o
 .progmem.data._ZZ5setupE3__c_0
                0x000000c6        0x7 quadcopter_control.o
 .progmem.data._ZZ5setupE3__c
                0x000000cd       0x10 quadcopter_control.o
 .progmem.data._ZZ10calibraESCvE3__c
                0x000000dd       0x36 quadcopter_control.o
 .progmem.data  0x00000113       0xfa c:/program files (x86)/atmel/atmel toolchain/avr8 gcc/native/3.4.1061/avr8-gnu-toolchain/bin/../lib/gcc/avr/4.8.1/../../../../avr/lib/avr5\libc.a(ftoa_engine.o)
                0x0000020e                . = ALIGN (0x2)
 *fill*         0x0000020d        0x1 
 *(.jumptables)
 *(.jumptables*)
 *(.lowtext)
 *(.lowtext*)
                0x0000020e                __ctors_start = .
 *(.ctors)
 .ctors         0x0000020e        0x2 quadcopter_control.o
 .ctors         0x00000210        0x2 C:\Users\Guilherme\Documents\Atmel Studio\6.2\arduinoCore\libcore328p.a(HardwareSerial.cpp.o)
                0x00000212                __ctors_end = .
                0x00000212                __dtors_start = .
 *(.dtors)
                0x00000212                __dtors_end = .
 SORT(*)(.ctors)
 SORT(*)(.dtors)
 *(.init0)
 .init0         0x00000212        0x0 c:/program files (x86)/atmel/atmel toolchain/avr8 gcc/native/3.4.1061/avr8-gnu-toolchain/bin/../lib/gcc/avr/4.8.1/../../../../avr/lib/avr5/crtm328p.o
                0x00000212                __init
 *(.init0)
 *(.init1)
 *(.init1)
 *(.init2)
 .init2         0x00000212        0xc c:/program files (x86)/atmel/atmel toolchain/avr8 gcc/native/3.4.1061/avr8-gnu-toolchain/bin/../lib/gcc/avr/4.8.1/../../../../avr/lib/avr5/crtm328p.o
 *(.init2)
 *(.init3)
 *(.init3)
 *(.init4)
 .init4         0x0000021e       0x16 c:/program files (x86)/atmel/atmel toolchain/avr8 gcc/native/3.4.1061/avr8-gnu-toolchain/bin/../lib/gcc/avr/4.8.1/avr5\libgcc.a(_copy_data.o)
                0x0000021e                __do_copy_data
 .init4         0x00000234       0x10 c:/program files (x86)/atmel/atmel toolchain/avr8 gcc/native/3.4.1061/avr8-gnu-toolchain/bin/../lib/gcc/avr/4.8.1/avr5\libgcc.a(_clear_bss.o)
                0x00000234                __do_clear_bss
 *(.init4)
 *(.init5)
 *(.init5)
 *(.init6)
 .init6         0x00000244       0x16 c:/program files (x86)/atmel/atmel toolchain/avr8 gcc/native/3.4.1061/avr8-gnu-toolchain/bin/../lib/gcc/avr/4.8.1/avr5\libgcc.a(_ctors.o)
                0x00000244                __do_global_ctors
 *(.init6)
 *(.init7)
 *(.init7)
 *(.init8)
 *(.init8)
 *(.init9)
 .init9         0x0000025a        0x8 c:/program files (x86)/atmel/atmel toolchain/avr8 gcc/native/3.4.1061/avr8-gnu-toolchain/bin/../lib/gcc/avr/4.8.1/../../../../avr/lib/avr5/crtm328p.o
 *(.init9)
 *(.text)
 .text          0x00000262        0x4 c:/program files (x86)/atmel/atmel toolchain/avr8 gcc/native/3.4.1061/avr8-gnu-toolchain/bin/../lib/gcc/avr/4.8.1/../../../../avr/lib/avr5/crtm328p.o
                0x00000262                __vector_22
                0x00000262                __vector_1
                0x00000262                __vector_24
                0x00000262                __vector_12
                0x00000262                __bad_interrupt
                0x00000262                __vector_6
                0x00000262                __vector_23
                0x00000262                __vector_25
                0x00000262                __vector_11
                0x00000262                __vector_17
                0x00000262                __vector_7
                0x00000262                __vector_9
                0x00000262                __vector_2
                0x00000262                __vector_21
                0x00000262                __vector_15
                0x00000262                __vector_8
                0x00000262                __vector_14
                0x00000262                __vector_10
                0x00000262                __vector_16
                0x00000262                __vector_20
                0x00000266                . = ALIGN (0x2)
 *(.text.*)
 .text.i2c_init
                0x00000266        0xc lib/twimastertimeout.o
                0x00000266                i2c_init
 .text.i2c_start
                0x00000272       0x8c lib/twimastertimeout.o
                0x00000272                i2c_start
 .text.i2c_stop
                0x000002fe       0x20 lib/twimastertimeout.o
                0x000002fe                i2c_stop
 .text.i2c_write
                0x0000031e       0x42 lib/twimastertimeout.o
                0x0000031e                i2c_write
 .text.i2c_readAck
                0x00000360       0x34 lib/twimastertimeout.o
                0x00000360                i2c_readAck
 .text.i2c_readNak
                0x00000394       0x34 lib/twimastertimeout.o
                0x00000394                i2c_readNak
 .text.mpu6050_readBytes
                0x000003c8       0x82 lib/mpu6050.o
                0x000003c8                mpu6050_readBytes
 .text.mpu6050_readByte
                0x0000044a        0xa lib/mpu6050.o
                0x0000044a                mpu6050_readByte
 .text.mpu6050_writeBytes
                0x00000454       0x44 lib/mpu6050.o
                0x00000454                mpu6050_writeBytes
 .text.mpu6050_writeByte
                0x00000498       0x20 lib/mpu6050.o
                0x00000498                mpu6050_writeByte
 .text.mpu6050_readBits
                0x000004b8       0x7e lib/mpu6050.o
                0x000004b8                mpu6050_readBits
 .text.mpu6050_writeBits
                0x00000536       0x92 lib/mpu6050.o
                0x00000536                mpu6050_writeBits
 .text.mpu6050_writeBit
                0x000005c8       0x66 lib/mpu6050.o
                0x000005c8                mpu6050_writeBit
 .text.mpu6050_setSleepDisabled
                0x0000062e        0xc lib/mpu6050.o
                0x0000062e                mpu6050_setSleepDisabled
 .text.mpu6050_testConnection
                0x0000063a       0x1c lib/mpu6050.o
                0x0000063a                mpu6050_testConnection
 .text.mpu6050_init
                0x00000656       0x68 lib/mpu6050.o
                0x00000656                mpu6050_init
 .text.mpu6050_getRawData
                0x000006be       0xb0 lib/mpu6050.o
                0x000006be                mpu6050_getRawData
 .text._Z12timer0Configib
                0x0000076e       0x7a quadcopter_control.o
                0x0000076e                _Z12timer0Configib
 .text._Z12timer2Configib
                0x000007e8       0x9a quadcopter_control.o
                0x000007e8                _Z12timer2Configib
 .text._Z11motorConfigib
                0x00000882       0x2e quadcopter_control.o
                0x00000882                _Z11motorConfigib
 .text._Z31CalculateInterruptionParametersf
                0x000008b0      0x1fe quadcopter_control.o
                0x000008b0                _Z31CalculateInterruptionParametersf
 .text._Z13initInterruptf
                0x00000aae       0x42 quadcopter_control.o
                0x00000aae                _Z13initInterruptf
 .text.__vector_13
                0x00000af0       0x4e quadcopter_control.o
                0x00000af0                __vector_13
 .text._Z5execXff
                0x00000b3e      0x1d2 quadcopter_control.o
                0x00000b3e                _Z5execXff
 .text._Z5execYff
                0x00000d10      0x186 quadcopter_control.o
                0x00000d10                _Z5execYff
 .text._Z11normalizeUrv
                0x00000e96       0xc2 quadcopter_control.o
                0x00000e96                _Z11normalizeUrv
 .text._Z10aplicaCtrlv
                0x00000f58      0x164 quadcopter_control.o
                0x00000f58                _Z10aplicaCtrlv
 .text._Z11sensor_readv
                0x000010bc      0x334 quadcopter_control.o
                0x000010bc                _Z11sensor_readv
 .text._Z6z_gyrov
                0x000013f0      0x294 quadcopter_control.o
                0x000013f0                _Z6z_gyrov
 .text._Z9newSamplev
                0x00001684       0xce quadcopter_control.o
                0x00001684                _Z9newSamplev
 .text.__vector_3
                0x00001752       0x14 quadcopter_control.o
                0x00001752                __vector_3
 .text.__vector_4
                0x00001766       0x14 quadcopter_control.o
                0x00001766                __vector_4
 .text.__vector_5
                0x0000177a       0x14 quadcopter_control.o
                0x0000177a                __vector_5
 .text.startup._GLOBAL__sub_I__Z12timer0Configib
                0x0000178e       0x1a quadcopter_control.o
 .text._Z10calibraESCv
                0x000017a8       0x40 quadcopter_control.o
                0x000017a8                _Z10calibraESCv
 .text.setup    0x000017e8       0x60 quadcopter_control.o
                0x000017e8                setup
 .text.startup.main
                0x00001848        0x6 quadcopter_control.o
                0x00001848                main
 .text.avr-libc.fplib
                0x0000184e        0xa c:/program files (x86)/atmel/atmel toolchain/avr8 gcc/native/3.4.1061/avr8-gnu-toolchain/bin/../lib/gcc/avr/4.8.1/../../../../avr/lib/avr5\libm.a(addsf3.o)
                0x0000184e                __subsf3
                0x00001850                __addsf3
 .text.avr-libc.fplib
                0x00001858       0xc0 c:/program files (x86)/atmel/atmel toolchain/avr8 gcc/native/3.4.1061/avr8-gnu-toolchain/bin/../lib/gcc/avr/4.8.1/../../../../avr/lib/avr5\libm.a(addsf3x.o)
                0x00001872                __addsf3x
 .text.avr-libc.fplib
                0x00001918       0x74 c:/program files (x86)/atmel/atmel toolchain/avr8 gcc/native/3.4.1061/avr8-gnu-toolchain/bin/../lib/gcc/avr/4.8.1/../../../../avr/lib/avr5\libm.a(atan2.o)
                0x00001936                atan2
 .text.avr-libc.fplib
                0x0000198c       0x50 c:/program files (x86)/atmel/atmel toolchain/avr8 gcc/native/3.4.1061/avr8-gnu-toolchain/bin/../lib/gcc/avr/4.8.1/../../../../avr/lib/avr5\libm.a(atan.o)
                0x0000198c                atan
 .text.avr-libc.fplib
                0x000019dc        0x8 c:/program files (x86)/atmel/atmel toolchain/avr8 gcc/native/3.4.1061/avr8-gnu-toolchain/bin/../lib/gcc/avr/4.8.1/../../../../avr/lib/avr5\libm.a(cmpsf2.o)
                0x000019dc                __nesf2
                0x000019dc                __eqsf2
                0x000019dc                __cmpsf2
                0x000019dc                __ltsf2
                0x000019dc                __lesf2
 .text.avr-libc.fplib
                0x000019e4        0x4 c:/program files (x86)/atmel/atmel toolchain/avr8 gcc/native/3.4.1061/avr8-gnu-toolchain/bin/../lib/gcc/avr/4.8.1/../../../../avr/lib/avr5\libm.a(divsf3.o)
                0x000019e4                __divsf3
 .text.avr-libc.fplib
                0x000019e8       0xcc c:/program files (x86)/atmel/atmel toolchain/avr8 gcc/native/3.4.1061/avr8-gnu-toolchain/bin/../lib/gcc/avr/4.8.1/../../../../avr/lib/avr5\libm.a(divsf3x.o)
                0x000019fe                __divsf3x
                0x00001a02                __divsf3_pse
 .text.avr-libc.fplib
                0x00001ab4       0x62 c:/program files (x86)/atmel/atmel toolchain/avr8 gcc/native/3.4.1061/avr8-gnu-toolchain/bin/../lib/gcc/avr/4.8.1/../../../../avr/lib/avr5\libm.a(exp.o)
                0x00001abe                exp
 .text.avr-libc.fplib
                0x00001b16        0xa c:/program files (x86)/atmel/atmel toolchain/avr8 gcc/native/3.4.1061/avr8-gnu-toolchain/bin/../lib/gcc/avr/4.8.1/../../../../avr/lib/avr5\libm.a(fixsfsi.o)
                0x00001b16                __fixsfsi
 .text.avr-libc.fplib
                0x00001b20       0x58 c:/program files (x86)/atmel/atmel toolchain/avr8 gcc/native/3.4.1061/avr8-gnu-toolchain/bin/../lib/gcc/avr/4.8.1/../../../../avr/lib/avr5\libm.a(fixunssfsi.o)
                0x00001b20                __fixunssfsi
 .text.avr-libc.fplib
                0x00001b78       0x7a c:/program files (x86)/atmel/atmel toolchain/avr8 gcc/native/3.4.1061/avr8-gnu-toolchain/bin/../lib/gcc/avr/4.8.1/../../../../avr/lib/avr5\libm.a(floatsisf.o)
                0x00001b78                __floatunsisf
                0x00001b7c                __floatsisf
 .text.avr-libc.fplib
                0x00001bf2       0x48 c:/program files (x86)/atmel/atmel toolchain/avr8 gcc/native/3.4.1061/avr8-gnu-toolchain/bin/../lib/gcc/avr/4.8.1/../../../../avr/lib/avr5\libm.a(fp_cmp.o)
                0x00001bf2                __fp_cmp
 .text.avr-libc.fplib
                0x00001c3a        0xc c:/program files (x86)/atmel/atmel toolchain/avr8 gcc/native/3.4.1061/avr8-gnu-toolchain/bin/../lib/gcc/avr/4.8.1/../../../../avr/lib/avr5\libm.a(fp_inf.o)
                0x00001c3a                __fp_inf
 .text.avr-libc.fplib
                0x00001c46        0x6 c:/program files (x86)/atmel/atmel toolchain/avr8 gcc/native/3.4.1061/avr8-gnu-toolchain/bin/../lib/gcc/avr/4.8.1/../../../../avr/lib/avr5\libm.a(fp_nan.o)
                0x00001c46                __fp_nan
 .text.avr-libc.fplib
                0x00001c4c       0x4a c:/program files (x86)/atmel/atmel toolchain/avr8 gcc/native/3.4.1061/avr8-gnu-toolchain/bin/../lib/gcc/avr/4.8.1/../../../../avr/lib/avr5\libm.a(fp_powser.o)
                0x00001c4c                __fp_powser
 .text.avr-libc.fplib
                0x00001c96        0xe c:/program files (x86)/atmel/atmel toolchain/avr8 gcc/native/3.4.1061/avr8-gnu-toolchain/bin/../lib/gcc/avr/4.8.1/../../../../avr/lib/avr5\libm.a(fp_pscA.o)
                0x00001c96                __fp_pscA
 .text.avr-libc.fplib
                0x00001ca4        0xe c:/program files (x86)/atmel/atmel toolchain/avr8 gcc/native/3.4.1061/avr8-gnu-toolchain/bin/../lib/gcc/avr/4.8.1/../../../../avr/lib/avr5\libm.a(fp_pscB.o)
                0x00001ca4                __fp_pscB
 .text.avr-libc.fplib
                0x00001cb2       0x22 c:/program files (x86)/atmel/atmel toolchain/avr8 gcc/native/3.4.1061/avr8-gnu-toolchain/bin/../lib/gcc/avr/4.8.1/../../../../avr/lib/avr5\libm.a(fp_round.o)
                0x00001cb2                __fp_round
 .text.avr-libc.fplib
                0x00001cd4       0x44 c:/program files (x86)/atmel/atmel toolchain/avr8 gcc/native/3.4.1061/avr8-gnu-toolchain/bin/../lib/gcc/avr/4.8.1/../../../../avr/lib/avr5\libm.a(fp_split3.o)
                0x00001cd4                __fp_split3
                0x00001ce4                __fp_splitA
 .text.avr-libc.fplib
                0x00001d18        0xe c:/program files (x86)/atmel/atmel toolchain/avr8 gcc/native/3.4.1061/avr8-gnu-toolchain/bin/../lib/gcc/avr/4.8.1/../../../../avr/lib/avr5\libm.a(fp_zero.o)
                0x00001d18                __fp_zero
                0x00001d1a                __fp_szero
 .text.avr-libc.fplib
                0x00001d26        0x8 c:/program files (x86)/atmel/atmel toolchain/avr8 gcc/native/3.4.1061/avr8-gnu-toolchain/bin/../lib/gcc/avr/4.8.1/../../../../avr/lib/avr5\libm.a(gesf2.o)
                0x00001d26                __gesf2
                0x00001d26                __gtsf2
 .text.avr-libc.fplib
                0x00001d2e       0xc2 c:/program files (x86)/atmel/atmel toolchain/avr8 gcc/native/3.4.1061/avr8-gnu-toolchain/bin/../lib/gcc/avr/4.8.1/../../../../avr/lib/avr5\libm.a(hypot.o)
                0x00001d40                hypot
 .text.avr-libc.fplib
                0x00001df0        0xe c:/program files (x86)/atmel/atmel toolchain/avr8 gcc/native/3.4.1061/avr8-gnu-toolchain/bin/../lib/gcc/avr/4.8.1/../../../../avr/lib/avr5\libm.a(inverse.o)
                0x00001df0                inverse
 .text.avr-libc.fplib
                0x00001dfe       0x6c c:/program files (x86)/atmel/atmel toolchain/avr8 gcc/native/3.4.1061/avr8-gnu-toolchain/bin/../lib/gcc/avr/4.8.1/../../../../avr/lib/avr5\libm.a(ldexp.o)
                0x00001e02                ldexp
 .text.avr-libc.fplib
                0x00001e6a       0x66 c:/program files (x86)/atmel/atmel toolchain/avr8 gcc/native/3.4.1061/avr8-gnu-toolchain/bin/../lib/gcc/avr/4.8.1/../../../../avr/lib/avr5\libm.a(modf.o)
                0x00001e6a                modf
                0x00001e6a                modff
 .text.avr-libc.fplib
                0x00001ed0        0x4 c:/program files (x86)/atmel/atmel toolchain/avr8 gcc/native/3.4.1061/avr8-gnu-toolchain/bin/../lib/gcc/avr/4.8.1/../../../../avr/lib/avr5\libm.a(mulsf3.o)
                0x00001ed0                __mulsf3
 .text.avr-libc.fplib
                0x00001ed4       0xc2 c:/program files (x86)/atmel/atmel toolchain/avr8 gcc/native/3.4.1061/avr8-gnu-toolchain/bin/../lib/gcc/avr/4.8.1/../../../../avr/lib/avr5\libm.a(mulsf3x.o)
                0x00001ee8                __mulsf3x
                0x00001eec                __mulsf3_pse
 .text.avr-libc.fplib
                0x00001f96       0x84 c:/program files (x86)/atmel/atmel toolchain/avr8 gcc/native/3.4.1061/avr8-gnu-toolchain/bin/../lib/gcc/avr/4.8.1/../../../../avr/lib/avr5\libm.a(sqrt.o)
                0x00001f9e                sqrt
 .text.avr-libc.fplib
                0x0000201a        0x6 c:/program files (x86)/atmel/atmel toolchain/avr8 gcc/native/3.4.1061/avr8-gnu-toolchain/bin/../lib/gcc/avr/4.8.1/../../../../avr/lib/avr5\libm.a(square.o)
                0x0000201a                square
 .text.avr-libc.fplib
                0x00002020       0x1c c:/program files (x86)/atmel/atmel toolchain/avr8 gcc/native/3.4.1061/avr8-gnu-toolchain/bin/../lib/gcc/avr/4.8.1/../../../../avr/lib/avr5\libm.a(fp_mpack.o)
                0x00002020                __fp_mpack
                0x00002024                __fp_mpack_finite
 .text.avr-libc.fplib
                0x0000203c        0xe c:/program files (x86)/atmel/atmel toolchain/avr8 gcc/native/3.4.1061/avr8-gnu-toolchain/bin/../lib/gcc/avr/4.8.1/../../../../avr/lib/avr5\libm.a(fp_norm2.o)
                0x0000203c                __fp_norm2
 .text.__vector_18
                0x0000204a       0x76 C:\Users\Guilherme\Documents\Atmel Studio\6.2\arduinoCore\libcore328p.a(HardwareSerial.cpp.o)
                0x0000204a                __vector_18
 .text.__vector_19
                0x000020c0       0x76 C:\Users\Guilherme\Documents\Atmel Studio\6.2\arduinoCore\libcore328p.a(HardwareSerial.cpp.o)
                0x000020c0                __vector_19
 .text._ZN14HardwareSerial5beginEmh
                0x00002136      0x118 C:\Users\Guilherme\Documents\Atmel Studio\6.2\arduinoCore\libcore328p.a(HardwareSerial.cpp.o)
                0x00002136                _ZN14HardwareSerial5beginEmh
 .text._ZN14HardwareSerial9availableEv
                0x0000224e       0x28 C:\Users\Guilherme\Documents\Atmel Studio\6.2\arduinoCore\libcore328p.a(HardwareSerial.cpp.o)
                0x0000224e                _ZN14HardwareSerial9availableEv
 .text._ZN14HardwareSerial4peekEv
                0x00002276       0x40 C:\Users\Guilherme\Documents\Atmel Studio\6.2\arduinoCore\libcore328p.a(HardwareSerial.cpp.o)
                0x00002276                _ZN14HardwareSerial4peekEv
 .text._ZN14HardwareSerial4readEv
                0x000022b6       0x52 C:\Users\Guilherme\Documents\Atmel Studio\6.2\arduinoCore\libcore328p.a(HardwareSerial.cpp.o)
                0x000022b6                _ZN14HardwareSerial4readEv
 .text._ZN14HardwareSerial5flushEv
                0x00002308       0x20 C:\Users\Guilherme\Documents\Atmel Studio\6.2\arduinoCore\libcore328p.a(HardwareSerial.cpp.o)
                0x00002308                _ZN14HardwareSerial5flushEv
 .text._ZN14HardwareSerial5writeEh
                0x00002328       0x80 C:\Users\Guilherme\Documents\Atmel Studio\6.2\arduinoCore\libcore328p.a(HardwareSerial.cpp.o)
                0x00002328                _ZN14HardwareSerial5writeEh
 .text._GLOBAL__I_rx_buffer
                0x000023a8       0xac C:\Users\Guilherme\Documents\Atmel Studio\6.2\arduinoCore\libcore328p.a(HardwareSerial.cpp.o)
 .text._ZN5Print5writeEPKhj
                0x00002454       0x54 C:\Users\Guilherme\Documents\Atmel Studio\6.2\arduinoCore\libcore328p.a(Print.cpp.o)
                0x00002454                _ZN5Print5writeEPKhj
 .text._ZN5Print5printEPK19__FlashStringHelper
                0x000024a8       0x46 C:\Users\Guilherme\Documents\Atmel Studio\6.2\arduinoCore\libcore328p.a(Print.cpp.o)
                0x000024a8                _ZN5Print5printEPK19__FlashStringHelper
 .text._ZN5Print5printERK6String
                0x000024ee       0x24 C:\Users\Guilherme\Documents\Atmel Studio\6.2\arduinoCore\libcore328p.a(Print.cpp.o)
                0x000024ee                _ZN5Print5printERK6String
 .text._ZN5Print7printlnEv
                0x00002512       0x40 C:\Users\Guilherme\Documents\Atmel Studio\6.2\arduinoCore\libcore328p.a(Print.cpp.o)
                0x00002512                _ZN5Print7printlnEv
 .text._ZN5Print7printlnEPK19__FlashStringHelper
                0x00002552       0x28 C:\Users\Guilherme\Documents\Atmel Studio\6.2\arduinoCore\libcore328p.a(Print.cpp.o)
                0x00002552                _ZN5Print7printlnEPK19__FlashStringHelper
 .text._ZN5Print7printlnERK6String
                0x0000257a       0x28 C:\Users\Guilherme\Documents\Atmel Studio\6.2\arduinoCore\libcore328p.a(Print.cpp.o)
                0x0000257a                _ZN5Print7printlnERK6String
 .text._ZN5Print5writeEPKc
                0x000025a2       0x38 C:\Users\Guilherme\Documents\Atmel Studio\6.2\arduinoCore\libcore328p.a(Print.cpp.o)
                0x000025a2                _ZN5Print5writeEPKc
 .text._ZN5Print7printlnEPKc
                0x000025da       0x26 C:\Users\Guilherme\Documents\Atmel Studio\6.2\arduinoCore\libcore328p.a(Print.cpp.o)
                0x000025da                _ZN5Print7printlnEPKc
 .text._ZN6String12changeBufferEj
                0x00002600       0x34 C:\Users\Guilherme\Documents\Atmel Studio\6.2\arduinoCore\libcore328p.a(WString.cpp.o)
                0x00002600                _ZN6String12changeBufferEj
 .text._ZN6String7reserveEj
                0x00002634       0x38 C:\Users\Guilherme\Documents\Atmel Studio\6.2\arduinoCore\libcore328p.a(WString.cpp.o)
                0x00002634                _ZN6String7reserveEj
 .text._ZN6String6concatEPKcj
                0x0000266c       0x5a C:\Users\Guilherme\Documents\Atmel Studio\6.2\arduinoCore\libcore328p.a(WString.cpp.o)
                0x0000266c                _ZN6String6concatEPKcj
 .text._ZN6String10invalidateEv
                0x000026c6       0x24 C:\Users\Guilherme\Documents\Atmel Studio\6.2\arduinoCore\libcore328p.a(WString.cpp.o)
                0x000026c6                _ZN6String10invalidateEv
 .text._ZplRK15StringSumHelperPKc
                0x000026ea       0x38 C:\Users\Guilherme\Documents\Atmel Studio\6.2\arduinoCore\libcore328p.a(WString.cpp.o)
                0x000026ea                _ZplRK15StringSumHelperPKc
 .text._ZplRK15StringSumHelperRK6String
                0x00002722       0x2c C:\Users\Guilherme\Documents\Atmel Studio\6.2\arduinoCore\libcore328p.a(WString.cpp.o)
                0x00002722                _ZplRK15StringSumHelperRK6String
 .text._ZN6String4copyEPKcj
                0x0000274e       0x42 C:\Users\Guilherme\Documents\Atmel Studio\6.2\arduinoCore\libcore328p.a(WString.cpp.o)
                0x0000274e                _ZN6String4copyEPKcj
 .text._ZN6StringaSEPKc
                0x00002790       0x32 C:\Users\Guilherme\Documents\Atmel Studio\6.2\arduinoCore\libcore328p.a(WString.cpp.o)
                0x00002790                _ZN6StringaSEPKc
 .text._ZN6StringC1Efh
                0x000027c2       0x60 C:\Users\Guilherme\Documents\Atmel Studio\6.2\arduinoCore\libcore328p.a(WString.cpp.o)
                0x000027c2                _ZN6StringC1Efh
 .text._ZN6StringaSERKS_
                0x00002822       0x2e C:\Users\Guilherme\Documents\Atmel Studio\6.2\arduinoCore\libcore328p.a(WString.cpp.o)
                0x00002822                _ZN6StringaSERKS_
 .text._ZN6StringC2ERKS_
                0x00002850       0x14 C:\Users\Guilherme\Documents\Atmel Studio\6.2\arduinoCore\libcore328p.a(WString.cpp.o)
                0x00002850                _ZN6StringC2ERKS_
 .text._ZN6StringD1Ev
                0x00002864        0xc C:\Users\Guilherme\Documents\Atmel Studio\6.2\arduinoCore\libcore328p.a(WString.cpp.o)
                0x00002864                _ZN6StringD1Ev
 .text._ZN6StringD2Ev
                0x00002870        0xc C:\Users\Guilherme\Documents\Atmel Studio\6.2\arduinoCore\libcore328p.a(WString.cpp.o)
                0x00002870                _ZN6StringD2Ev
 .text.avr-libc
                0x0000287c      0x26a C:\Users\Guilherme\Documents\Atmel Studio\6.2\arduinoCore\libcore328p.a(malloc.c.o)
                0x0000287c                malloc
                0x000029b6                free
 .text.avr-libc
                0x00002ae6      0x1c2 C:\Users\Guilherme\Documents\Atmel Studio\6.2\arduinoCore\libcore328p.a(realloc.c.o)
                0x00002ae6                realloc
 .text.libgcc.div
                0x00002ca8       0x28 c:/program files (x86)/atmel/atmel toolchain/avr8 gcc/native/3.4.1061/avr8-gnu-toolchain/bin/../lib/gcc/avr/4.8.1/avr5\libgcc.a(_divmodhi4.o)
                0x00002ca8                _div
                0x00002ca8                __divmodhi4
 .text.libgcc.div
                0x00002cd0       0x44 c:/program files (x86)/atmel/atmel toolchain/avr8 gcc/native/3.4.1061/avr8-gnu-toolchain/bin/../lib/gcc/avr/4.8.1/avr5\libgcc.a(_udivmodsi4.o)
                0x00002cd0                __udivmodsi4
 .text.libgcc.div
                0x00002d14       0x2e c:/program files (x86)/atmel/atmel toolchain/avr8 gcc/native/3.4.1061/avr8-gnu-toolchain/bin/../lib/gcc/avr/4.8.1/avr5\libgcc.a(_divmodsi4.o)
                0x00002d14                __divmodsi4
 .text.libgcc.div
                0x00002d42       0x10 c:/program files (x86)/atmel/atmel toolchain/avr8 gcc/native/3.4.1061/avr8-gnu-toolchain/bin/../lib/gcc/avr/4.8.1/avr5\libgcc.a(_negsi2.o)
                0x00002d42                __negsi2
 .text.libgcc.div
                0x00002d52       0x28 c:/program files (x86)/atmel/atmel toolchain/avr8 gcc/native/3.4.1061/avr8-gnu-toolchain/bin/../lib/gcc/avr/4.8.1/avr5\libgcc.a(_udivmodhi4.o)
                0x00002d52                __udivmodhi4
 .text.libgcc   0x00002d7a        0xc c:/program files (x86)/atmel/atmel toolchain/avr8 gcc/native/3.4.1061/avr8-gnu-toolchain/bin/../lib/gcc/avr/4.8.1/avr5\libgcc.a(_tablejump.o)
                0x00002d7a                __tablejump2__
                0x00002d7e                __tablejump__
 .text.avr-libc
                0x00002d86       0x42 c:/program files (x86)/atmel/atmel toolchain/avr8 gcc/native/3.4.1061/avr8-gnu-toolchain/bin/../lib/gcc/avr/4.8.1/../../../../avr/lib/avr5\libc.a(dtostrf.o)
                0x00002d86                dtostrf
 .text.avr-libc
                0x00002dc8       0x12 c:/program files (x86)/atmel/atmel toolchain/avr8 gcc/native/3.4.1061/avr8-gnu-toolchain/bin/../lib/gcc/avr/4.8.1/../../../../avr/lib/avr5\libc.a(memcpy.o)
                0x00002dc8                memcpy
 .text.avr-libc
                0x00002dda        0xe c:/program files (x86)/atmel/atmel toolchain/avr8 gcc/native/3.4.1061/avr8-gnu-toolchain/bin/../lib/gcc/avr/4.8.1/../../../../avr/lib/avr5\libc.a(strcpy.o)
                0x00002dda                strcpy
 .text.avr-libc
                0x00002de8      0x2fc c:/program files (x86)/atmel/atmel toolchain/avr8 gcc/native/3.4.1061/avr8-gnu-toolchain/bin/../lib/gcc/avr/4.8.1/../../../../avr/lib/avr5\libc.a(dtoa_prf.o)
                0x00002de8                dtoa_prf
 .text.avr-libc
                0x000030e4      0x1b0 c:/program files (x86)/atmel/atmel toolchain/avr8 gcc/native/3.4.1061/avr8-gnu-toolchain/bin/../lib/gcc/avr/4.8.1/../../../../avr/lib/avr5\libc.a(ftoa_engine.o)
                0x000030e4                __ftoa_engine
                0x00003294                . = ALIGN (0x2)
 *(.fini9)
 .fini9         0x00003294        0x0 c:/program files (x86)/atmel/atmel toolchain/avr8 gcc/native/3.4.1061/avr8-gnu-toolchain/bin/../lib/gcc/avr/4.8.1/avr5\libgcc.a(_exit.o)
                0x00003294                _exit
                0x00003294                exit
 *(.fini9)
 *(.fini8)
 *(.fini8)
 *(.fini7)
 *(.fini7)
 *(.fini6)
 *(.fini6)
 *(.fini5)
 *(.fini5)
 *(.fini4)
 *(.fini4)
 *(.fini3)
 *(.fini3)
 *(.fini2)
 *(.fini2)
 *(.fini1)
 *(.fini1)
 *(.fini0)
 .fini0         0x00003294        0x4 c:/program files (x86)/atmel/atmel toolchain/avr8 gcc/native/3.4.1061/avr8-gnu-toolchain/bin/../lib/gcc/avr/4.8.1/avr5\libgcc.a(_exit.o)
 *(.fini0)
                0x00003298                _etext = .

.data           0x00800100      0x146 load address 0x00003298
                0x00800100                PROVIDE (__data_start, .)
 *(.data)
 *(.data*)
 .data.DC_VALUE
                0x00800100        0x2 quadcopter_control.o
                0x00800100                DC_VALUE
 .data.__malloc_margin
                0x00800102        0x2 C:\Users\Guilherme\Documents\Atmel Studio\6.2\arduinoCore\libcore328p.a(malloc.c.o)
                0x00800102                __malloc_margin
 .data.__malloc_heap_start
                0x00800104        0x2 C:\Users\Guilherme\Documents\Atmel Studio\6.2\arduinoCore\libcore328p.a(malloc.c.o)
                0x00800104                __malloc_heap_start
 .data.__malloc_heap_end
                0x00800106        0x2 C:\Users\Guilherme\Documents\Atmel Studio\6.2\arduinoCore\libcore328p.a(malloc.c.o)
                0x00800106                __malloc_heap_end
 *(.rodata)
 *(.rodata*)
 .rodata.str1.1
                0x00800108      0x12e quadcopter_control.o
                                0x130 (size before relaxing)
 .rodata._ZTV14HardwareSerial
                0x00800236       0x10 C:\Users\Guilherme\Documents\Atmel Studio\6.2\arduinoCore\libcore328p.a(HardwareSerial.cpp.o)
                0x00800236                _ZTV14HardwareSerial
 *(.gnu.linkonce.d*)
                0x00800246                . = ALIGN (0x2)
                0x00800246                _edata = .
                0x00800246                PROVIDE (__data_end, .)

.bss            0x00800246      0x14b
                0x00800246                PROVIDE (__bss_start, .)
 *(.bss)
 *(.bss*)
 .bss.dy        0x00800246        0x4 quadcopter_control.o
                0x00800246                dy
 .bss.y         0x0080024a        0x4 quadcopter_control.o
                0x0080024a                y
 .bss.dx        0x0080024e        0x4 quadcopter_control.o
                0x0080024e                dx
 .bss.x         0x00800252        0x4 quadcopter_control.o
                0x00800252                x
 .bss.gz        0x00800256        0x2 quadcopter_control.o
                0x00800256                gz
 .bss.gy        0x00800258        0x2 quadcopter_control.o
                0x00800258                gy
 .bss.gx        0x0080025a        0x2 quadcopter_control.o
                0x0080025a                gx
 .bss.az        0x0080025c        0x2 quadcopter_control.o
                0x0080025c                az
 .bss.ay        0x0080025e        0x2 quadcopter_control.o
                0x0080025e                ay
 .bss.ax        0x00800260        0x2 quadcopter_control.o
                0x00800260                ax
 .bss.yAcc      0x00800262        0x4 quadcopter_control.o
                0x00800262                yAcc
 .bss.xAcc      0x00800266        0x4 quadcopter_control.o
                0x00800266                xAcc
 .bss.Gz        0x0080026a        0x4 quadcopter_control.o
                0x0080026a                Gz
 .bss.Gy        0x0080026e        0x4 quadcopter_control.o
                0x0080026e                Gy
 .bss.Gx        0x00800272        0x4 quadcopter_control.o
                0x00800272                Gx
 .bss.Az        0x00800276        0x4 quadcopter_control.o
                0x00800276                Az
 .bss.Ay        0x0080027a        0x4 quadcopter_control.o
                0x0080027a                Ay
 .bss.Ax        0x0080027e        0x4 quadcopter_control.o
                0x0080027e                Ax
 .bss.axF       0x00800282        0x4 quadcopter_control.o
                0x00800282                axF
 .bss.azF       0x00800286        0x4 quadcopter_control.o
                0x00800286                azF
 .bss.ayF       0x0080028a        0x4 quadcopter_control.o
                0x0080028a                ayF
 .bss.ur        0x0080028e        0x4 quadcopter_control.o
                0x0080028e                ur
 .bss.u2        0x00800292        0x2 quadcopter_control.o
                0x00800292                u2
 .bss.u1        0x00800294        0x2 quadcopter_control.o
                0x00800294                u1
 .bss.k         0x00800296        0x2 quadcopter_control.o
                0x00800296                k
 .bss.sigKD     0x00800298        0x4 quadcopter_control.o
                0x00800298                sigKD
 .bss.U         0x0080029c        0x4 quadcopter_control.o
                0x0080029c                U
 .bss.itx       0x008002a0        0x4 quadcopter_control.o
                0x008002a0                itx
 .bss.ry0       0x008002a4        0x4 quadcopter_control.o
                0x008002a4                ry0
 .bss.rx0       0x008002a8        0x4 quadcopter_control.o
                0x008002a8                rx0
 .bss.e0y       0x008002ac        0x4 quadcopter_control.o
                0x008002ac                e0y
 .bss.e0        0x008002b0        0x4 quadcopter_control.o
                0x008002b0                e0
 .bss.refy      0x008002b4        0x4 quadcopter_control.o
                0x008002b4                refy
 .bss.refx      0x008002b8        0x4 quadcopter_control.o
                0x008002b8                refx
 .bss.interruptPointer
                0x008002bc        0x2 quadcopter_control.o
                0x008002bc                interruptPointer
 .bss.interruptionPrescalerBits
                0x008002be        0x4 quadcopter_control.o
                0x008002be                interruptionPrescalerBits
 .bss.interruptionPresetValue
                0x008002c2        0x4 quadcopter_control.o
                0x008002c2                interruptionPresetValue
 .bss.selectedPrescaler
                0x008002c6        0x2 quadcopter_control.o
                0x008002c6                selectedPrescaler
 .bss.countInterval
                0x008002c8        0x4 quadcopter_control.o
                0x008002c8                countInterval
 .bss.interruptionFrequency
                0x008002cc        0x4 quadcopter_control.o
                0x008002cc                interruptionFrequency
 .bss.maxPeriodWithPrescaler
                0x008002d0        0x4 quadcopter_control.o
                0x008002d0                maxPeriodWithPrescaler
 .bss.interruptionConfigured
                0x008002d4        0x1 quadcopter_control.o
                0x008002d4                interruptionConfigured
 .bss.rx_buffer
                0x008002d5       0x44 C:\Users\Guilherme\Documents\Atmel Studio\6.2\arduinoCore\libcore328p.a(HardwareSerial.cpp.o)
                0x008002d5                rx_buffer
 .bss.tx_buffer
                0x00800319       0x44 C:\Users\Guilherme\Documents\Atmel Studio\6.2\arduinoCore\libcore328p.a(HardwareSerial.cpp.o)
                0x00800319                tx_buffer
 .bss.Serial    0x0080035d       0x22 C:\Users\Guilherme\Documents\Atmel Studio\6.2\arduinoCore\libcore328p.a(HardwareSerial.cpp.o)
                0x0080035d                Serial
 *(COMMON)
 COMMON         0x0080037f        0xe lib/mpu6050.o
                0x0080037f                buffer
 COMMON         0x0080038d        0x4 C:\Users\Guilherme\Documents\Atmel Studio\6.2\arduinoCore\libcore328p.a(malloc.c.o)
                0x0080038d                __brkval
                0x0080038f                __flp
                0x00800391                PROVIDE (__bss_end, .)
                0x00003298                __data_load_start = LOADADDR (.data)
                0x000033de                __data_load_end = (__data_load_start + SIZEOF (.data))

.noinit         0x00800391        0x0
                0x00800391                PROVIDE (__noinit_start, .)
 *(.noinit*)
                0x00800391                PROVIDE (__noinit_end, .)
                0x00800391                _end = .
                0x00800391                PROVIDE (__heap_start, .)

.eeprom         0x00810000        0x0
 *(.eeprom*)
                0x00810000                __eeprom_end = .

.fuse
 *(.fuse)
 *(.lfuse)
 *(.hfuse)
 *(.efuse)

.lock
 *(.lock*)

.signature
 *(.signature*)

.user_signatures
 *(.user_signatures*)

.stab
 *(.stab)

.stabstr
 *(.stabstr)

.stab.excl
 *(.stab.excl)

.stab.exclstr
 *(.stab.exclstr)

.stab.index
 *(.stab.index)

.stab.indexstr
 *(.stab.indexstr)

.comment        0x00000000       0x30
 *(.comment)
 .comment       0x00000000       0x30 lib/twimastertimeout.o
                                 0x31 (size before relaxing)
 .comment       0x00000000       0x31 lib/mpu6050.o
 .comment       0x00000000       0x31 quadcopter_control.o
 .comment       0x00000000       0x31 c:/program files (x86)/atmel/atmel toolchain/avr8 gcc/native/3.4.1061/avr8-gnu-toolchain/bin/../lib/gcc/avr/4.8.1/../../../../avr/lib/avr5\libc.a(dtostrf.o)
 .comment       0x00000000       0x31 c:/program files (x86)/atmel/atmel toolchain/avr8 gcc/native/3.4.1061/avr8-gnu-toolchain/bin/../lib/gcc/avr/4.8.1/../../../../avr/lib/avr5\libc.a(dtoa_prf.o)

.note.gnu.build-id
 *(.note.gnu.build-id)

.debug
 *(.debug)

.line
 *(.line)

.debug_srcinfo
 *(.debug_srcinfo)

.debug_sfnames
 *(.debug_sfnames)

.debug_aranges  0x00000000      0x6c0
 *(.debug_aranges)
 .debug_aranges
                0x00000000       0x58 lib/twimastertimeout.o
 .debug_aranges
                0x00000058       0x88 lib/mpu6050.o
 .debug_aranges
                0x000000e0      0x130 quadcopter_control.o
 .debug_aranges
                0x00000210       0x98 C:\Users\Guilherme\Documents\Atmel Studio\6.2\arduinoCore\libcore328p.a(HardwareSerial.cpp.o)
 .debug_aranges
                0x000002a8       0xf0 C:\Users\Guilherme\Documents\Atmel Studio\6.2\arduinoCore\libcore328p.a(Print.cpp.o)
 .debug_aranges
                0x00000398      0x2e0 C:\Users\Guilherme\Documents\Atmel Studio\6.2\arduinoCore\libcore328p.a(WString.cpp.o)
 .debug_aranges
                0x00000678       0x28 C:\Users\Guilherme\Documents\Atmel Studio\6.2\arduinoCore\libcore328p.a(malloc.c.o)
 .debug_aranges
                0x000006a0       0x20 C:\Users\Guilherme\Documents\Atmel Studio\6.2\arduinoCore\libcore328p.a(realloc.c.o)

.debug_pubnames
                0x00000000      0xb30
 *(.debug_pubnames)
 .debug_pubnames
                0x00000000      0x1b4 C:\Users\Guilherme\Documents\Atmel Studio\6.2\arduinoCore\libcore328p.a(HardwareSerial.cpp.o)
 .debug_pubnames
                0x000001b4      0x200 C:\Users\Guilherme\Documents\Atmel Studio\6.2\arduinoCore\libcore328p.a(Print.cpp.o)
 .debug_pubnames
                0x000003b4      0x6df C:\Users\Guilherme\Documents\Atmel Studio\6.2\arduinoCore\libcore328p.a(WString.cpp.o)
 .debug_pubnames
                0x00000a93       0x7f C:\Users\Guilherme\Documents\Atmel Studio\6.2\arduinoCore\libcore328p.a(malloc.c.o)
 .debug_pubnames
                0x00000b12       0x1e C:\Users\Guilherme\Documents\Atmel Studio\6.2\arduinoCore\libcore328p.a(realloc.c.o)

.debug_info     0x00000000     0x9c94
 *(.debug_info .gnu.linkonce.wi.*)
 .debug_info    0x00000000      0x22d lib/twimastertimeout.o
 .debug_info    0x0000022d      0xa44 lib/mpu6050.o
 .debug_info    0x00000c71     0x2b6e quadcopter_control.o
 .debug_info    0x000037df     0x1acd C:\Users\Guilherme\Documents\Atmel Studio\6.2\arduinoCore\libcore328p.a(HardwareSerial.cpp.o)
 .debug_info    0x000052ac     0x1d05 C:\Users\Guilherme\Documents\Atmel Studio\6.2\arduinoCore\libcore328p.a(Print.cpp.o)
 .debug_info    0x00006fb1     0x2926 C:\Users\Guilherme\Documents\Atmel Studio\6.2\arduinoCore\libcore328p.a(WString.cpp.o)
 .debug_info    0x000098d7      0x229 C:\Users\Guilherme\Documents\Atmel Studio\6.2\arduinoCore\libcore328p.a(malloc.c.o)
 .debug_info    0x00009b00      0x194 C:\Users\Guilherme\Documents\Atmel Studio\6.2\arduinoCore\libcore328p.a(realloc.c.o)

.debug_abbrev   0x00000000     0x1686
 *(.debug_abbrev)
 .debug_abbrev  0x00000000       0xff lib/twimastertimeout.o
 .debug_abbrev  0x000000ff      0x2b3 lib/mpu6050.o
 .debug_abbrev  0x000003b2      0x645 quadcopter_control.o
 .debug_abbrev  0x000009f7      0x459 C:\Users\Guilherme\Documents\Atmel Studio\6.2\arduinoCore\libcore328p.a(HardwareSerial.cpp.o)
 .debug_abbrev  0x00000e50      0x323 C:\Users\Guilherme\Documents\Atmel Studio\6.2\arduinoCore\libcore328p.a(Print.cpp.o)
 .debug_abbrev  0x00001173      0x33d C:\Users\Guilherme\Documents\Atmel Studio\6.2\arduinoCore\libcore328p.a(WString.cpp.o)
 .debug_abbrev  0x000014b0      0x10d C:\Users\Guilherme\Documents\Atmel Studio\6.2\arduinoCore\libcore328p.a(malloc.c.o)
 .debug_abbrev  0x000015bd       0xc9 C:\Users\Guilherme\Documents\Atmel Studio\6.2\arduinoCore\libcore328p.a(realloc.c.o)

.debug_line     0x00000000     0x36c5
 *(.debug_line .debug_line.* .debug_line_end)
 .debug_line    0x00000000      0x20c lib/twimastertimeout.o
 .debug_line    0x0000020c      0x2ec lib/mpu6050.o
 .debug_line    0x000004f8      0x81b quadcopter_control.o
 .debug_line    0x00000d13      0x7a1 C:\Users\Guilherme\Documents\Atmel Studio\6.2\arduinoCore\libcore328p.a(HardwareSerial.cpp.o)
 .debug_line    0x000014b4      0x7e6 C:\Users\Guilherme\Documents\Atmel Studio\6.2\arduinoCore\libcore328p.a(Print.cpp.o)
 .debug_line    0x00001c9a     0x144e C:\Users\Guilherme\Documents\Atmel Studio\6.2\arduinoCore\libcore328p.a(WString.cpp.o)
 .debug_line    0x000030e8      0x348 C:\Users\Guilherme\Documents\Atmel Studio\6.2\arduinoCore\libcore328p.a(malloc.c.o)
 .debug_line    0x00003430      0x295 C:\Users\Guilherme\Documents\Atmel Studio\6.2\arduinoCore\libcore328p.a(realloc.c.o)

.debug_frame    0x00000000     0x1048
 *(.debug_frame)
 .debug_frame   0x00000000       0xa4 lib/twimastertimeout.o
 .debug_frame   0x000000a4      0x268 lib/mpu6050.o
 .debug_frame   0x0000030c      0x47c quadcopter_control.o
 .debug_frame   0x00000788      0x110 C:\Users\Guilherme\Documents\Atmel Studio\6.2\arduinoCore\libcore328p.a(HardwareSerial.cpp.o)
 .debug_frame   0x00000898      0x1c0 C:\Users\Guilherme\Documents\Atmel Studio\6.2\arduinoCore\libcore328p.a(Print.cpp.o)
 .debug_frame   0x00000a58      0x5a0 C:\Users\Guilherme\Documents\Atmel Studio\6.2\arduinoCore\libcore328p.a(WString.cpp.o)
 .debug_frame   0x00000ff8       0x30 C:\Users\Guilherme\Documents\Atmel Studio\6.2\arduinoCore\libcore328p.a(malloc.c.o)
 .debug_frame   0x00001028       0x20 C:\Users\Guilherme\Documents\Atmel Studio\6.2\arduinoCore\libcore328p.a(realloc.c.o)

.debug_str      0x00000000     0x1fa3
 *(.debug_str)
 .debug_str     0x00000000      0x1da lib/twimastertimeout.o
                                0x20e (size before relaxing)
 .debug_str     0x000001da      0x1c4 lib/mpu6050.o
                                0x384 (size before relaxing)
 .debug_str     0x0000039e     0x1049 quadcopter_control.o
                               0x11ec (size before relaxing)
 .debug_str     0x000013e7      0x4fc C:\Users\Guilherme\Documents\Atmel Studio\6.2\arduinoCore\libcore328p.a(HardwareSerial.cpp.o)
                                0xf87 (size before relaxing)
 .debug_str     0x000018e3      0x37a C:\Users\Guilherme\Documents\Atmel Studio\6.2\arduinoCore\libcore328p.a(Print.cpp.o)
                                0xd51 (size before relaxing)
 .debug_str     0x00001c5d      0x1f2 C:\Users\Guilherme\Documents\Atmel Studio\6.2\arduinoCore\libcore328p.a(WString.cpp.o)
                                0xb7c (size before relaxing)
 .debug_str     0x00001e4f       0xec C:\Users\Guilherme\Documents\Atmel Studio\6.2\arduinoCore\libcore328p.a(malloc.c.o)
                                0x15f (size before relaxing)
 .debug_str     0x00001f3b       0x68 C:\Users\Guilherme\Documents\Atmel Studio\6.2\arduinoCore\libcore328p.a(realloc.c.o)
                                0x123 (size before relaxing)

.debug_loc      0x00000000     0x5b37
 *(.debug_loc)
 .debug_loc     0x00000000      0x327 lib/twimastertimeout.o
 .debug_loc     0x00000327      0xcb0 lib/mpu6050.o
 .debug_loc     0x00000fd7      0xdf4 quadcopter_control.o
 .debug_loc     0x00001dcb      0x473 C:\Users\Guilherme\Documents\Atmel Studio\6.2\arduinoCore\libcore328p.a(HardwareSerial.cpp.o)
 .debug_loc     0x0000223e      0xd68 C:\Users\Guilherme\Documents\Atmel Studio\6.2\arduinoCore\libcore328p.a(Print.cpp.o)
 .debug_loc     0x00002fa6     0x2569 C:\Users\Guilherme\Documents\Atmel Studio\6.2\arduinoCore\libcore328p.a(WString.cpp.o)
 .debug_loc     0x0000550f      0x358 C:\Users\Guilherme\Documents\Atmel Studio\6.2\arduinoCore\libcore328p.a(malloc.c.o)
 .debug_loc     0x00005867      0x2d0 C:\Users\Guilherme\Documents\Atmel Studio\6.2\arduinoCore\libcore328p.a(realloc.c.o)

.debug_macinfo
 *(.debug_macinfo)

.debug_weaknames
 *(.debug_weaknames)

.debug_funcnames
 *(.debug_funcnames)

.debug_typenames
 *(.debug_typenames)

.debug_varnames
 *(.debug_varnames)

.debug_pubtypes
 *(.debug_pubtypes)

.debug_ranges   0x00000000      0x680
 *(.debug_ranges)
 .debug_ranges  0x00000000       0x48 lib/twimastertimeout.o
 .debug_ranges  0x00000048       0x78 lib/mpu6050.o
 .debug_ranges  0x000000c0      0x120 quadcopter_control.o
 .debug_ranges  0x000001e0       0x90 C:\Users\Guilherme\Documents\Atmel Studio\6.2\arduinoCore\libcore328p.a(HardwareSerial.cpp.o)
 .debug_ranges  0x00000270       0xe8 C:\Users\Guilherme\Documents\Atmel Studio\6.2\arduinoCore\libcore328p.a(Print.cpp.o)
 .debug_ranges  0x00000358      0x2f0 C:\Users\Guilherme\Documents\Atmel Studio\6.2\arduinoCore\libcore328p.a(WString.cpp.o)
 .debug_ranges  0x00000648       0x20 C:\Users\Guilherme\Documents\Atmel Studio\6.2\arduinoCore\libcore328p.a(malloc.c.o)
 .debug_ranges  0x00000668       0x18 C:\Users\Guilherme\Documents\Atmel Studio\6.2\arduinoCore\libcore328p.a(realloc.c.o)

.debug_macro
 *(.debug_macro)
OUTPUT(quadcopter_control.elf elf32-avr)
LOAD linker stubs
